------------------------------------------------------------
TimeQuest Timing Analyzer Summary
------------------------------------------------------------

Type  : Slow 1100mV 85C Model Setup 'fx3_pclk'
Slack : -1.007
TNS   : -19.731

Type  : Slow 1100mV 85C Model Setup 'U_nios_system|axi_ad9361_0|i_dev_if|i_rx|i_altlvds_rx|auto_generated|pll_sclk~PLL_OUTPUT_COUNTER|divclk'
Slack : -0.154
TNS   : -0.154

Type  : Slow 1100mV 85C Model Setup 'fx3_virtual'
Slack : 0.638
TNS   : 0.000

Type  : Slow 1100mV 85C Model Setup 'U_nios_system|axi_ad9361_0|i_dev_if|i_rx|i_altlvds_rx|auto_generated|pll_fclk~PLL_OUTPUT_COUNTER|divclk'
Slack : 0.989
TNS   : 0.000

Type  : Slow 1100mV 85C Model Setup 'adi_sclk_pin'
Slack : 2.281
TNS   : 0.000

Type  : Slow 1100mV 85C Model Setup 'U_fx3_pll|altera_pll_i|general[0].gpll~PLL_OUTPUT_COUNTER|divclk'
Slack : 2.546
TNS   : 0.000

Type  : Slow 1100mV 85C Model Setup 'U_system_pll|altera_pll_i|general[0].gpll~PLL_OUTPUT_COUNTER|divclk'
Slack : 3.078
TNS   : 0.000

Type  : Slow 1100mV 85C Model Setup 'c5_clock2'
Slack : 8.382
TNS   : 0.000

Type  : Slow 1100mV 85C Model Setup 'adf_sclk_pin'
Slack : 34.346
TNS   : 0.000

Type  : Slow 1100mV 85C Model Setup 'altera_reserved_tck'
Slack : 38.953
TNS   : 0.000

Type  : Slow 1100mV 85C Model Setup 'dac_sclk_pin'
Slack : 47.677
TNS   : 0.000

Type  : Slow 1100mV 85C Model Setup 'pwr_scl_pin'
Slack : 1148.022
TNS   : 0.000

Type  : Slow 1100mV 85C Model Hold 'fx3_pclk'
Slack : 0.084
TNS   : 0.000

Type  : Slow 1100mV 85C Model Hold 'altera_reserved_tck'
Slack : 0.243
TNS   : 0.000

Type  : Slow 1100mV 85C Model Hold 'U_nios_system|axi_ad9361_0|i_dev_if|i_rx|i_altlvds_rx|auto_generated|pll_sclk~PLL_OUTPUT_COUNTER|divclk'
Slack : 0.311
TNS   : 0.000

Type  : Slow 1100mV 85C Model Hold 'U_system_pll|altera_pll_i|general[0].gpll~PLL_OUTPUT_COUNTER|divclk'
Slack : 0.342
TNS   : 0.000

Type  : Slow 1100mV 85C Model Hold 'U_fx3_pll|altera_pll_i|general[0].gpll~PLL_OUTPUT_COUNTER|divclk'
Slack : 0.396
TNS   : 0.000

Type  : Slow 1100mV 85C Model Hold 'c5_clock2'
Slack : 0.425
TNS   : 0.000

Type  : Slow 1100mV 85C Model Hold 'adi_sclk_pin'
Slack : 1.804
TNS   : 0.000

Type  : Slow 1100mV 85C Model Hold 'U_nios_system|axi_ad9361_0|i_dev_if|i_rx|i_altlvds_rx|auto_generated|pll_fclk~PLL_OUTPUT_COUNTER|divclk'
Slack : 2.371
TNS   : 0.000

Type  : Slow 1100mV 85C Model Hold 'fx3_virtual'
Slack : 24.247
TNS   : 0.000

Type  : Slow 1100mV 85C Model Hold 'dac_sclk_pin'
Slack : 57.227
TNS   : 0.000

Type  : Slow 1100mV 85C Model Hold 'adf_sclk_pin'
Slack : 64.499
TNS   : 0.000

Type  : Slow 1100mV 85C Model Hold 'pwr_scl_pin'
Slack : 2149.388
TNS   : 0.000

Type  : Slow 1100mV 85C Model Recovery 'U_system_pll|altera_pll_i|general[0].gpll~PLL_OUTPUT_COUNTER|divclk'
Slack : 3.525
TNS   : 0.000

Type  : Slow 1100mV 85C Model Recovery 'U_nios_system|axi_ad9361_0|i_dev_if|i_rx|i_altlvds_rx|auto_generated|pll_sclk~PLL_OUTPUT_COUNTER|divclk'
Slack : 3.632
TNS   : 0.000

Type  : Slow 1100mV 85C Model Recovery 'U_fx3_pll|altera_pll_i|general[0].gpll~PLL_OUTPUT_COUNTER|divclk'
Slack : 4.834
TNS   : 0.000

Type  : Slow 1100mV 85C Model Recovery 'altera_reserved_tck'
Slack : 45.769
TNS   : 0.000

Type  : Slow 1100mV 85C Model Removal 'U_nios_system|axi_ad9361_0|i_dev_if|i_rx|i_altlvds_rx|auto_generated|pll_sclk~PLL_OUTPUT_COUNTER|divclk'
Slack : 0.680
TNS   : 0.000

Type  : Slow 1100mV 85C Model Removal 'U_fx3_pll|altera_pll_i|general[0].gpll~PLL_OUTPUT_COUNTER|divclk'
Slack : 0.714
TNS   : 0.000

Type  : Slow 1100mV 85C Model Removal 'altera_reserved_tck'
Slack : 1.191
TNS   : 0.000

Type  : Slow 1100mV 85C Model Removal 'U_system_pll|altera_pll_i|general[0].gpll~PLL_OUTPUT_COUNTER|divclk'
Slack : 4.452
TNS   : 0.000

Type  : Slow 1100mV 85C Model Minimum Pulse Width 'U_nios_system|axi_ad9361_0|i_dev_if|i_rx|i_altlvds_rx|auto_generated|pll_fclk~PLL_OUTPUT_COUNTER|divclk'
Slack : 0.981
TNS   : 0.000

Type  : Slow 1100mV 85C Model Minimum Pulse Width 'U_nios_system|axi_ad9361_0|i_dev_if|i_rx|i_altlvds_rx|auto_generated|pll_sclk~FRACTIONAL_PLL|vcoph[0]'
Slack : 1.000
TNS   : 0.000

Type  : Slow 1100mV 85C Model Minimum Pulse Width 'U_fx3_pll|altera_pll_i|general[0].gpll~FRACTIONAL_PLL|vcoph[0]'
Slack : 1.250
TNS   : 0.000

Type  : Slow 1100mV 85C Model Minimum Pulse Width 'U_system_pll|altera_pll_i|general[0].gpll~FRACTIONAL_PLL|vcoph[0]'
Slack : 1.562
TNS   : 0.000

Type  : Slow 1100mV 85C Model Minimum Pulse Width 'adi_rx_clock'
Slack : 1.968
TNS   : 0.000

Type  : Slow 1100mV 85C Model Minimum Pulse Width 'U_nios_system|axi_ad9361_0|i_dev_if|i_rx|i_altlvds_rx|auto_generated|pll_sclk~PLL_OUTPUT_COUNTER|divclk'
Slack : 2.349
TNS   : 0.000

Type  : Slow 1100mV 85C Model Minimum Pulse Width 'fx3_pclk'
Slack : 3.142
TNS   : 0.000

Type  : Slow 1100mV 85C Model Minimum Pulse Width 'U_fx3_pll|altera_pll_i|general[0].gpll~PLL_OUTPUT_COUNTER|divclk'
Slack : 3.320
TNS   : 0.000

Type  : Slow 1100mV 85C Model Minimum Pulse Width 'U_system_pll|altera_pll_i|general[0].gpll~PLL_OUTPUT_COUNTER|divclk'
Slack : 4.592
TNS   : 0.000

Type  : Slow 1100mV 85C Model Minimum Pulse Width 'c5_clock2'
Slack : 12.170
TNS   : 0.000

Type  : Slow 1100mV 85C Model Minimum Pulse Width 'adi_sclk_reg'
Slack : 12.360
TNS   : 0.000

Type  : Slow 1100mV 85C Model Minimum Pulse Width 'altera_reserved_tck'
Slack : 48.198
TNS   : 0.000

Type  : Slow 1100mV 85C Model Minimum Pulse Width 'peri_sclk_reg'
Slack : 61.765
TNS   : 0.000

Type  : Slow 1100mV 85C Model Minimum Pulse Width 'i2c_scl_reg'
Slack : 1249.731
TNS   : 0.000

Type  : Slow 1100mV 0C Model Setup 'fx3_pclk'
Slack : -0.752
TNS   : -14.531

Type  : Slow 1100mV 0C Model Setup 'U_nios_system|axi_ad9361_0|i_dev_if|i_rx|i_altlvds_rx|auto_generated|pll_sclk~PLL_OUTPUT_COUNTER|divclk'
Slack : 0.091
TNS   : 0.000

Type  : Slow 1100mV 0C Model Setup 'fx3_virtual'
Slack : 0.716
TNS   : 0.000

Type  : Slow 1100mV 0C Model Setup 'U_nios_system|axi_ad9361_0|i_dev_if|i_rx|i_altlvds_rx|auto_generated|pll_fclk~PLL_OUTPUT_COUNTER|divclk'
Slack : 1.181
TNS   : 0.000

Type  : Slow 1100mV 0C Model Setup 'U_fx3_pll|altera_pll_i|general[0].gpll~PLL_OUTPUT_COUNTER|divclk'
Slack : 2.464
TNS   : 0.000

Type  : Slow 1100mV 0C Model Setup 'adi_sclk_pin'
Slack : 2.579
TNS   : 0.000

Type  : Slow 1100mV 0C Model Setup 'U_system_pll|altera_pll_i|general[0].gpll~PLL_OUTPUT_COUNTER|divclk'
Slack : 3.103
TNS   : 0.000

Type  : Slow 1100mV 0C Model Setup 'c5_clock2'
Slack : 7.446
TNS   : 0.000

Type  : Slow 1100mV 0C Model Setup 'adf_sclk_pin'
Slack : 34.254
TNS   : 0.000

Type  : Slow 1100mV 0C Model Setup 'altera_reserved_tck'
Slack : 39.418
TNS   : 0.000

Type  : Slow 1100mV 0C Model Setup 'dac_sclk_pin'
Slack : 47.567
TNS   : 0.000

Type  : Slow 1100mV 0C Model Setup 'pwr_scl_pin'
Slack : 1147.963
TNS   : 0.000

Type  : Slow 1100mV 0C Model Hold 'fx3_pclk'
Slack : -0.036
TNS   : -0.036

Type  : Slow 1100mV 0C Model Hold 'U_nios_system|axi_ad9361_0|i_dev_if|i_rx|i_altlvds_rx|auto_generated|pll_sclk~PLL_OUTPUT_COUNTER|divclk'
Slack : 0.134
TNS   : 0.000

Type  : Slow 1100mV 0C Model Hold 'altera_reserved_tck'
Slack : 0.227
TNS   : 0.000

Type  : Slow 1100mV 0C Model Hold 'U_system_pll|altera_pll_i|general[0].gpll~PLL_OUTPUT_COUNTER|divclk'
Slack : 0.326
TNS   : 0.000

Type  : Slow 1100mV 0C Model Hold 'U_fx3_pll|altera_pll_i|general[0].gpll~PLL_OUTPUT_COUNTER|divclk'
Slack : 0.384
TNS   : 0.000

Type  : Slow 1100mV 0C Model Hold 'c5_clock2'
Slack : 0.408
TNS   : 0.000

Type  : Slow 1100mV 0C Model Hold 'adi_sclk_pin'
Slack : 1.762
TNS   : 0.000

Type  : Slow 1100mV 0C Model Hold 'U_nios_system|axi_ad9361_0|i_dev_if|i_rx|i_altlvds_rx|auto_generated|pll_fclk~PLL_OUTPUT_COUNTER|divclk'
Slack : 2.222
TNS   : 0.000

Type  : Slow 1100mV 0C Model Hold 'fx3_virtual'
Slack : 24.298
TNS   : 0.000

Type  : Slow 1100mV 0C Model Hold 'dac_sclk_pin'
Slack : 56.717
TNS   : 0.000

Type  : Slow 1100mV 0C Model Hold 'adf_sclk_pin'
Slack : 64.660
TNS   : 0.000

Type  : Slow 1100mV 0C Model Hold 'pwr_scl_pin'
Slack : 2149.423
TNS   : 0.000

Type  : Slow 1100mV 0C Model Recovery 'U_system_pll|altera_pll_i|general[0].gpll~PLL_OUTPUT_COUNTER|divclk'
Slack : 3.531
TNS   : 0.000

Type  : Slow 1100mV 0C Model Recovery 'U_nios_system|axi_ad9361_0|i_dev_if|i_rx|i_altlvds_rx|auto_generated|pll_sclk~PLL_OUTPUT_COUNTER|divclk'
Slack : 3.771
TNS   : 0.000

Type  : Slow 1100mV 0C Model Recovery 'U_fx3_pll|altera_pll_i|general[0].gpll~PLL_OUTPUT_COUNTER|divclk'
Slack : 5.055
TNS   : 0.000

Type  : Slow 1100mV 0C Model Recovery 'altera_reserved_tck'
Slack : 46.024
TNS   : 0.000

Type  : Slow 1100mV 0C Model Removal 'U_nios_system|axi_ad9361_0|i_dev_if|i_rx|i_altlvds_rx|auto_generated|pll_sclk~PLL_OUTPUT_COUNTER|divclk'
Slack : 0.571
TNS   : 0.000

Type  : Slow 1100mV 0C Model Removal 'U_fx3_pll|altera_pll_i|general[0].gpll~PLL_OUTPUT_COUNTER|divclk'
Slack : 0.625
TNS   : 0.000

Type  : Slow 1100mV 0C Model Removal 'altera_reserved_tck'
Slack : 1.137
TNS   : 0.000

Type  : Slow 1100mV 0C Model Removal 'U_system_pll|altera_pll_i|general[0].gpll~PLL_OUTPUT_COUNTER|divclk'
Slack : 4.456
TNS   : 0.000

Type  : Slow 1100mV 0C Model Minimum Pulse Width 'U_nios_system|axi_ad9361_0|i_dev_if|i_rx|i_altlvds_rx|auto_generated|pll_fclk~PLL_OUTPUT_COUNTER|divclk'
Slack : 0.986
TNS   : 0.000

Type  : Slow 1100mV 0C Model Minimum Pulse Width 'U_nios_system|axi_ad9361_0|i_dev_if|i_rx|i_altlvds_rx|auto_generated|pll_sclk~FRACTIONAL_PLL|vcoph[0]'
Slack : 1.000
TNS   : 0.000

Type  : Slow 1100mV 0C Model Minimum Pulse Width 'U_fx3_pll|altera_pll_i|general[0].gpll~FRACTIONAL_PLL|vcoph[0]'
Slack : 1.250
TNS   : 0.000

Type  : Slow 1100mV 0C Model Minimum Pulse Width 'U_system_pll|altera_pll_i|general[0].gpll~FRACTIONAL_PLL|vcoph[0]'
Slack : 1.562
TNS   : 0.000

Type  : Slow 1100mV 0C Model Minimum Pulse Width 'adi_rx_clock'
Slack : 1.968
TNS   : 0.000

Type  : Slow 1100mV 0C Model Minimum Pulse Width 'U_nios_system|axi_ad9361_0|i_dev_if|i_rx|i_altlvds_rx|auto_generated|pll_sclk~PLL_OUTPUT_COUNTER|divclk'
Slack : 2.303
TNS   : 0.000

Type  : Slow 1100mV 0C Model Minimum Pulse Width 'fx3_pclk'
Slack : 3.089
TNS   : 0.000

Type  : Slow 1100mV 0C Model Minimum Pulse Width 'U_fx3_pll|altera_pll_i|general[0].gpll~PLL_OUTPUT_COUNTER|divclk'
Slack : 3.282
TNS   : 0.000

Type  : Slow 1100mV 0C Model Minimum Pulse Width 'U_system_pll|altera_pll_i|general[0].gpll~PLL_OUTPUT_COUNTER|divclk'
Slack : 4.564
TNS   : 0.000

Type  : Slow 1100mV 0C Model Minimum Pulse Width 'adi_sclk_reg'
Slack : 12.272
TNS   : 0.000

Type  : Slow 1100mV 0C Model Minimum Pulse Width 'c5_clock2'
Slack : 12.289
TNS   : 0.000

Type  : Slow 1100mV 0C Model Minimum Pulse Width 'altera_reserved_tck'
Slack : 48.068
TNS   : 0.000

Type  : Slow 1100mV 0C Model Minimum Pulse Width 'peri_sclk_reg'
Slack : 61.495
TNS   : 0.000

Type  : Slow 1100mV 0C Model Minimum Pulse Width 'i2c_scl_reg'
Slack : 1249.674
TNS   : 0.000

Type  : Fast 1100mV 85C Model Setup 'fx3_pclk'
Slack : 0.344
TNS   : 0.000

Type  : Fast 1100mV 85C Model Setup 'U_nios_system|axi_ad9361_0|i_dev_if|i_rx|i_altlvds_rx|auto_generated|pll_sclk~PLL_OUTPUT_COUNTER|divclk'
Slack : 2.539
TNS   : 0.000

Type  : Fast 1100mV 85C Model Setup 'U_nios_system|axi_ad9361_0|i_dev_if|i_rx|i_altlvds_rx|auto_generated|pll_fclk~PLL_OUTPUT_COUNTER|divclk'
Slack : 3.902
TNS   : 0.000

Type  : Fast 1100mV 85C Model Setup 'adi_sclk_pin'
Slack : 5.299
TNS   : 0.000

Type  : Fast 1100mV 85C Model Setup 'fx3_virtual'
Slack : 6.179
TNS   : 0.000

Type  : Fast 1100mV 85C Model Setup 'U_fx3_pll|altera_pll_i|general[0].gpll~PLL_OUTPUT_COUNTER|divclk'
Slack : 6.481
TNS   : 0.000

Type  : Fast 1100mV 85C Model Setup 'U_system_pll|altera_pll_i|general[0].gpll~PLL_OUTPUT_COUNTER|divclk'
Slack : 7.929
TNS   : 0.000

Type  : Fast 1100mV 85C Model Setup 'c5_clock2'
Slack : 19.483
TNS   : 0.000

Type  : Fast 1100mV 85C Model Setup 'adf_sclk_pin'
Slack : 36.049
TNS   : 0.000

Type  : Fast 1100mV 85C Model Setup 'altera_reserved_tck'
Slack : 44.908
TNS   : 0.000

Type  : Fast 1100mV 85C Model Setup 'dac_sclk_pin'
Slack : 49.810
TNS   : 0.000

Type  : Fast 1100mV 85C Model Setup 'pwr_scl_pin'
Slack : 1148.522
TNS   : 0.000

Type  : Fast 1100mV 85C Model Hold 'altera_reserved_tck'
Slack : 0.041
TNS   : 0.000

Type  : Fast 1100mV 85C Model Hold 'U_system_pll|altera_pll_i|general[0].gpll~PLL_OUTPUT_COUNTER|divclk'
Slack : 0.129
TNS   : 0.000

Type  : Fast 1100mV 85C Model Hold 'U_nios_system|axi_ad9361_0|i_dev_if|i_rx|i_altlvds_rx|auto_generated|pll_sclk~PLL_OUTPUT_COUNTER|divclk'
Slack : 0.134
TNS   : 0.000

Type  : Fast 1100mV 85C Model Hold 'U_fx3_pll|altera_pll_i|general[0].gpll~PLL_OUTPUT_COUNTER|divclk'
Slack : 0.174
TNS   : 0.000

Type  : Fast 1100mV 85C Model Hold 'fx3_pclk'
Slack : 0.177
TNS   : 0.000

Type  : Fast 1100mV 85C Model Hold 'c5_clock2'
Slack : 0.180
TNS   : 0.000

Type  : Fast 1100mV 85C Model Hold 'adi_sclk_pin'
Slack : 0.960
TNS   : 0.000

Type  : Fast 1100mV 85C Model Hold 'U_nios_system|axi_ad9361_0|i_dev_if|i_rx|i_altlvds_rx|auto_generated|pll_fclk~PLL_OUTPUT_COUNTER|divclk'
Slack : 2.116
TNS   : 0.000

Type  : Fast 1100mV 85C Model Hold 'fx3_virtual'
Slack : 20.251
TNS   : 0.000

Type  : Fast 1100mV 85C Model Hold 'dac_sclk_pin'
Slack : 58.438
TNS   : 0.000

Type  : Fast 1100mV 85C Model Hold 'adf_sclk_pin'
Slack : 65.073
TNS   : 0.000

Type  : Fast 1100mV 85C Model Hold 'pwr_scl_pin'
Slack : 2149.705
TNS   : 0.000

Type  : Fast 1100mV 85C Model Recovery 'U_nios_system|axi_ad9361_0|i_dev_if|i_rx|i_altlvds_rx|auto_generated|pll_sclk~PLL_OUTPUT_COUNTER|divclk'
Slack : 5.883
TNS   : 0.000

Type  : Fast 1100mV 85C Model Recovery 'U_fx3_pll|altera_pll_i|general[0].gpll~PLL_OUTPUT_COUNTER|divclk'
Slack : 7.284
TNS   : 0.000

Type  : Fast 1100mV 85C Model Recovery 'U_system_pll|altera_pll_i|general[0].gpll~PLL_OUTPUT_COUNTER|divclk'
Slack : 8.553
TNS   : 0.000

Type  : Fast 1100mV 85C Model Recovery 'altera_reserved_tck'
Slack : 48.332
TNS   : 0.000

Type  : Fast 1100mV 85C Model Removal 'U_nios_system|axi_ad9361_0|i_dev_if|i_rx|i_altlvds_rx|auto_generated|pll_sclk~PLL_OUTPUT_COUNTER|divclk'
Slack : 0.264
TNS   : 0.000

Type  : Fast 1100mV 85C Model Removal 'U_fx3_pll|altera_pll_i|general[0].gpll~PLL_OUTPUT_COUNTER|divclk'
Slack : 0.291
TNS   : 0.000

Type  : Fast 1100mV 85C Model Removal 'altera_reserved_tck'
Slack : 0.424
TNS   : 0.000

Type  : Fast 1100mV 85C Model Removal 'U_system_pll|altera_pll_i|general[0].gpll~PLL_OUTPUT_COUNTER|divclk'
Slack : 2.029
TNS   : 0.000

Type  : Fast 1100mV 85C Model Minimum Pulse Width 'U_nios_system|axi_ad9361_0|i_dev_if|i_rx|i_altlvds_rx|auto_generated|pll_fclk~PLL_OUTPUT_COUNTER|divclk'
Slack : 0.983
TNS   : 0.000

Type  : Fast 1100mV 85C Model Minimum Pulse Width 'U_nios_system|axi_ad9361_0|i_dev_if|i_rx|i_altlvds_rx|auto_generated|pll_sclk~FRACTIONAL_PLL|vcoph[0]'
Slack : 1.000
TNS   : 0.000

Type  : Fast 1100mV 85C Model Minimum Pulse Width 'U_fx3_pll|altera_pll_i|general[0].gpll~FRACTIONAL_PLL|vcoph[0]'
Slack : 1.250
TNS   : 0.000

Type  : Fast 1100mV 85C Model Minimum Pulse Width 'U_system_pll|altera_pll_i|general[0].gpll~FRACTIONAL_PLL|vcoph[0]'
Slack : 1.562
TNS   : 0.000

Type  : Fast 1100mV 85C Model Minimum Pulse Width 'adi_rx_clock'
Slack : 1.975
TNS   : 0.000

Type  : Fast 1100mV 85C Model Minimum Pulse Width 'U_nios_system|axi_ad9361_0|i_dev_if|i_rx|i_altlvds_rx|auto_generated|pll_sclk~PLL_OUTPUT_COUNTER|divclk'
Slack : 2.858
TNS   : 0.000

Type  : Fast 1100mV 85C Model Minimum Pulse Width 'fx3_pclk'
Slack : 3.800
TNS   : 0.000

Type  : Fast 1100mV 85C Model Minimum Pulse Width 'U_fx3_pll|altera_pll_i|general[0].gpll~PLL_OUTPUT_COUNTER|divclk'
Slack : 3.859
TNS   : 0.000

Type  : Fast 1100mV 85C Model Minimum Pulse Width 'U_system_pll|altera_pll_i|general[0].gpll~PLL_OUTPUT_COUNTER|divclk'
Slack : 5.109
TNS   : 0.000

Type  : Fast 1100mV 85C Model Minimum Pulse Width 'c5_clock2'
Slack : 12.137
TNS   : 0.000

Type  : Fast 1100mV 85C Model Minimum Pulse Width 'adi_sclk_reg'
Slack : 12.180
TNS   : 0.000

Type  : Fast 1100mV 85C Model Minimum Pulse Width 'altera_reserved_tck'
Slack : 48.137
TNS   : 0.000

Type  : Fast 1100mV 85C Model Minimum Pulse Width 'peri_sclk_reg'
Slack : 61.810
TNS   : 0.000

Type  : Fast 1100mV 85C Model Minimum Pulse Width 'i2c_scl_reg'
Slack : 1249.559
TNS   : 0.000

Type  : Fast 1100mV 0C Model Setup 'fx3_pclk'
Slack : 0.405
TNS   : 0.000

Type  : Fast 1100mV 0C Model Setup 'U_nios_system|axi_ad9361_0|i_dev_if|i_rx|i_altlvds_rx|auto_generated|pll_sclk~PLL_OUTPUT_COUNTER|divclk'
Slack : 2.693
TNS   : 0.000

Type  : Fast 1100mV 0C Model Setup 'U_nios_system|axi_ad9361_0|i_dev_if|i_rx|i_altlvds_rx|auto_generated|pll_fclk~PLL_OUTPUT_COUNTER|divclk'
Slack : 4.015
TNS   : 0.000

Type  : Fast 1100mV 0C Model Setup 'adi_sclk_pin'
Slack : 5.948
TNS   : 0.000

Type  : Fast 1100mV 0C Model Setup 'fx3_virtual'
Slack : 6.373
TNS   : 0.000

Type  : Fast 1100mV 0C Model Setup 'U_fx3_pll|altera_pll_i|general[0].gpll~PLL_OUTPUT_COUNTER|divclk'
Slack : 6.748
TNS   : 0.000

Type  : Fast 1100mV 0C Model Setup 'U_system_pll|altera_pll_i|general[0].gpll~PLL_OUTPUT_COUNTER|divclk'
Slack : 8.324
TNS   : 0.000

Type  : Fast 1100mV 0C Model Setup 'c5_clock2'
Slack : 19.774
TNS   : 0.000

Type  : Fast 1100mV 0C Model Setup 'adf_sclk_pin'
Slack : 36.421
TNS   : 0.000

Type  : Fast 1100mV 0C Model Setup 'altera_reserved_tck'
Slack : 45.598
TNS   : 0.000

Type  : Fast 1100mV 0C Model Setup 'dac_sclk_pin'
Slack : 49.971
TNS   : 0.000

Type  : Fast 1100mV 0C Model Setup 'pwr_scl_pin'
Slack : 1148.692
TNS   : 0.000

Type  : Fast 1100mV 0C Model Hold 'altera_reserved_tck'
Slack : 0.029
TNS   : 0.000

Type  : Fast 1100mV 0C Model Hold 'U_nios_system|axi_ad9361_0|i_dev_if|i_rx|i_altlvds_rx|auto_generated|pll_sclk~PLL_OUTPUT_COUNTER|divclk'
Slack : 0.065
TNS   : 0.000

Type  : Fast 1100mV 0C Model Hold 'U_system_pll|altera_pll_i|general[0].gpll~PLL_OUTPUT_COUNTER|divclk'
Slack : 0.119
TNS   : 0.000

Type  : Fast 1100mV 0C Model Hold 'fx3_pclk'
Slack : 0.153
TNS   : 0.000

Type  : Fast 1100mV 0C Model Hold 'U_fx3_pll|altera_pll_i|general[0].gpll~PLL_OUTPUT_COUNTER|divclk'
Slack : 0.160
TNS   : 0.000

Type  : Fast 1100mV 0C Model Hold 'c5_clock2'
Slack : 0.171
TNS   : 0.000

Type  : Fast 1100mV 0C Model Hold 'adi_sclk_pin'
Slack : 0.808
TNS   : 0.000

Type  : Fast 1100mV 0C Model Hold 'U_nios_system|axi_ad9361_0|i_dev_if|i_rx|i_altlvds_rx|auto_generated|pll_fclk~PLL_OUTPUT_COUNTER|divclk'
Slack : 2.063
TNS   : 0.000

Type  : Fast 1100mV 0C Model Hold 'fx3_virtual'
Slack : 20.104
TNS   : 0.000

Type  : Fast 1100mV 0C Model Hold 'dac_sclk_pin'
Slack : 58.445
TNS   : 0.000

Type  : Fast 1100mV 0C Model Hold 'adf_sclk_pin'
Slack : 65.108
TNS   : 0.000

Type  : Fast 1100mV 0C Model Hold 'pwr_scl_pin'
Slack : 2149.720
TNS   : 0.000

Type  : Fast 1100mV 0C Model Recovery 'U_nios_system|axi_ad9361_0|i_dev_if|i_rx|i_altlvds_rx|auto_generated|pll_sclk~PLL_OUTPUT_COUNTER|divclk'
Slack : 6.136
TNS   : 0.000

Type  : Fast 1100mV 0C Model Recovery 'U_fx3_pll|altera_pll_i|general[0].gpll~PLL_OUTPUT_COUNTER|divclk'
Slack : 7.618
TNS   : 0.000

Type  : Fast 1100mV 0C Model Recovery 'U_system_pll|altera_pll_i|general[0].gpll~PLL_OUTPUT_COUNTER|divclk'
Slack : 8.750
TNS   : 0.000

Type  : Fast 1100mV 0C Model Recovery 'altera_reserved_tck'
Slack : 48.558
TNS   : 0.000

Type  : Fast 1100mV 0C Model Removal 'U_nios_system|axi_ad9361_0|i_dev_if|i_rx|i_altlvds_rx|auto_generated|pll_sclk~PLL_OUTPUT_COUNTER|divclk'
Slack : 0.206
TNS   : 0.000

Type  : Fast 1100mV 0C Model Removal 'U_fx3_pll|altera_pll_i|general[0].gpll~PLL_OUTPUT_COUNTER|divclk'
Slack : 0.263
TNS   : 0.000

Type  : Fast 1100mV 0C Model Removal 'altera_reserved_tck'
Slack : 0.359
TNS   : 0.000

Type  : Fast 1100mV 0C Model Removal 'U_system_pll|altera_pll_i|general[0].gpll~PLL_OUTPUT_COUNTER|divclk'
Slack : 1.898
TNS   : 0.000

Type  : Fast 1100mV 0C Model Minimum Pulse Width 'U_nios_system|axi_ad9361_0|i_dev_if|i_rx|i_altlvds_rx|auto_generated|pll_fclk~PLL_OUTPUT_COUNTER|divclk'
Slack : 0.983
TNS   : 0.000

Type  : Fast 1100mV 0C Model Minimum Pulse Width 'U_nios_system|axi_ad9361_0|i_dev_if|i_rx|i_altlvds_rx|auto_generated|pll_sclk~FRACTIONAL_PLL|vcoph[0]'
Slack : 1.000
TNS   : 0.000

Type  : Fast 1100mV 0C Model Minimum Pulse Width 'U_fx3_pll|altera_pll_i|general[0].gpll~FRACTIONAL_PLL|vcoph[0]'
Slack : 1.250
TNS   : 0.000

Type  : Fast 1100mV 0C Model Minimum Pulse Width 'U_system_pll|altera_pll_i|general[0].gpll~FRACTIONAL_PLL|vcoph[0]'
Slack : 1.562
TNS   : 0.000

Type  : Fast 1100mV 0C Model Minimum Pulse Width 'adi_rx_clock'
Slack : 1.983
TNS   : 0.000

Type  : Fast 1100mV 0C Model Minimum Pulse Width 'U_nios_system|axi_ad9361_0|i_dev_if|i_rx|i_altlvds_rx|auto_generated|pll_sclk~PLL_OUTPUT_COUNTER|divclk'
Slack : 2.862
TNS   : 0.000

Type  : Fast 1100mV 0C Model Minimum Pulse Width 'fx3_pclk'
Slack : 3.810
TNS   : 0.000

Type  : Fast 1100mV 0C Model Minimum Pulse Width 'U_fx3_pll|altera_pll_i|general[0].gpll~PLL_OUTPUT_COUNTER|divclk'
Slack : 3.861
TNS   : 0.000

Type  : Fast 1100mV 0C Model Minimum Pulse Width 'U_system_pll|altera_pll_i|general[0].gpll~PLL_OUTPUT_COUNTER|divclk'
Slack : 5.111
TNS   : 0.000

Type  : Fast 1100mV 0C Model Minimum Pulse Width 'c5_clock2'
Slack : 12.098
TNS   : 0.000

Type  : Fast 1100mV 0C Model Minimum Pulse Width 'adi_sclk_reg'
Slack : 12.168
TNS   : 0.000

Type  : Fast 1100mV 0C Model Minimum Pulse Width 'altera_reserved_tck'
Slack : 48.156
TNS   : 0.000

Type  : Fast 1100mV 0C Model Minimum Pulse Width 'peri_sclk_reg'
Slack : 61.858
TNS   : 0.000

Type  : Fast 1100mV 0C Model Minimum Pulse Width 'i2c_scl_reg'
Slack : 1249.605
TNS   : 0.000

------------------------------------------------------------
