------------------------------------------------------------
TimeQuest Timing Analyzer Summary
------------------------------------------------------------

Type  : Slow 1100mV 85C Model Setup 'U_nios_system|axi_ad9361_0|i_dev_if|i_rx|i_altlvds_rx|auto_generated|pll_sclk~PLL_OUTPUT_COUNTER|divclk'
Slack : -5.280
TNS   : -238.987

Type  : Slow 1100mV 85C Model Setup 'U_T2_clock|t2_clock_inst|altera_pll_i|general[0].gpll~PLL_OUTPUT_COUNTER|divclk'
Slack : -3.485
TNS   : -545.610

Type  : Slow 1100mV 85C Model Setup 'U_T2_clock|t2_clock_inst|altera_pll_i|general[1].gpll~PLL_OUTPUT_COUNTER|divclk'
Slack : -1.933
TNS   : -81.819

Type  : Slow 1100mV 85C Model Setup 'U_nios_system|axi_ad9361_0|i_dev_if|i_rx|i_altlvds_rx|auto_generated|pll_fclk~PLL_OUTPUT_COUNTER|divclk'
Slack : 0.895
TNS   : 0.000

Type  : Slow 1100mV 85C Model Setup 'fx3_virtual'
Slack : 1.656
TNS   : 0.000

Type  : Slow 1100mV 85C Model Setup 'U_fx3_pll|altera_pll_i|general[0].gpll~PLL_OUTPUT_COUNTER|divclk'
Slack : 2.471
TNS   : 0.000

Type  : Slow 1100mV 85C Model Setup 'U_system_pll|altera_pll_i|general[0].gpll~PLL_OUTPUT_COUNTER|divclk'
Slack : 2.767
TNS   : 0.000

Type  : Slow 1100mV 85C Model Setup 'adi_sclk_pin'
Slack : 2.849
TNS   : 0.000

Type  : Slow 1100mV 85C Model Setup 'fx3_pclk'
Slack : 4.282
TNS   : 0.000

Type  : Slow 1100mV 85C Model Setup 'c5_clock2'
Slack : 9.364
TNS   : 0.000

Type  : Slow 1100mV 85C Model Setup 'altera_reserved_tck'
Slack : 34.097
TNS   : 0.000

Type  : Slow 1100mV 85C Model Setup 'adf_sclk_pin'
Slack : 36.899
TNS   : 0.000

Type  : Slow 1100mV 85C Model Setup 'dac_sclk_pin'
Slack : 48.046
TNS   : 0.000

Type  : Slow 1100mV 85C Model Setup 'U_TS_clock|ts_clock_inst|altera_pll_i|general[0].gpll~PLL_OUTPUT_COUNTER|divclk'
Slack : 414.377
TNS   : 0.000

Type  : Slow 1100mV 85C Model Setup 'pwr_scl_pin'
Slack : 1148.552
TNS   : 0.000

Type  : Slow 1100mV 85C Model Hold 'altera_reserved_tck'
Slack : 0.187
TNS   : 0.000

Type  : Slow 1100mV 85C Model Hold 'U_T2_clock|t2_clock_inst|altera_pll_i|general[0].gpll~PLL_OUTPUT_COUNTER|divclk'
Slack : 0.287
TNS   : 0.000

Type  : Slow 1100mV 85C Model Hold 'U_system_pll|altera_pll_i|general[0].gpll~PLL_OUTPUT_COUNTER|divclk'
Slack : 0.288
TNS   : 0.000

Type  : Slow 1100mV 85C Model Hold 'U_nios_system|axi_ad9361_0|i_dev_if|i_rx|i_altlvds_rx|auto_generated|pll_sclk~PLL_OUTPUT_COUNTER|divclk'
Slack : 0.344
TNS   : 0.000

Type  : Slow 1100mV 85C Model Hold 'U_T2_clock|t2_clock_inst|altera_pll_i|general[1].gpll~PLL_OUTPUT_COUNTER|divclk'
Slack : 0.393
TNS   : 0.000

Type  : Slow 1100mV 85C Model Hold 'U_fx3_pll|altera_pll_i|general[0].gpll~PLL_OUTPUT_COUNTER|divclk'
Slack : 0.431
TNS   : 0.000

Type  : Slow 1100mV 85C Model Hold 'c5_clock2'
Slack : 0.438
TNS   : 0.000

Type  : Slow 1100mV 85C Model Hold 'fx3_pclk'
Slack : 0.495
TNS   : 0.000

Type  : Slow 1100mV 85C Model Hold 'U_TS_clock|ts_clock_inst|altera_pll_i|general[0].gpll~PLL_OUTPUT_COUNTER|divclk'
Slack : 0.546
TNS   : 0.000

Type  : Slow 1100mV 85C Model Hold 'adi_sclk_pin'
Slack : 1.566
TNS   : 0.000

Type  : Slow 1100mV 85C Model Hold 'U_nios_system|axi_ad9361_0|i_dev_if|i_rx|i_altlvds_rx|auto_generated|pll_fclk~PLL_OUTPUT_COUNTER|divclk'
Slack : 2.395
TNS   : 0.000

Type  : Slow 1100mV 85C Model Hold 'fx3_virtual'
Slack : 23.344
TNS   : 0.000

Type  : Slow 1100mV 85C Model Hold 'dac_sclk_pin'
Slack : 57.898
TNS   : 0.000

Type  : Slow 1100mV 85C Model Hold 'adf_sclk_pin'
Slack : 63.987
TNS   : 0.000

Type  : Slow 1100mV 85C Model Hold 'pwr_scl_pin'
Slack : 2149.430
TNS   : 0.000

Type  : Slow 1100mV 85C Model Recovery 'U_fx3_pll|altera_pll_i|general[0].gpll~PLL_OUTPUT_COUNTER|divclk'
Slack : -4.646
TNS   : -9.285

Type  : Slow 1100mV 85C Model Recovery 'U_T2_clock|t2_clock_inst|altera_pll_i|general[0].gpll~PLL_OUTPUT_COUNTER|divclk'
Slack : -3.546
TNS   : -5867.701

Type  : Slow 1100mV 85C Model Recovery 'U_nios_system|axi_ad9361_0|i_dev_if|i_rx|i_altlvds_rx|auto_generated|pll_sclk~PLL_OUTPUT_COUNTER|divclk'
Slack : 3.144
TNS   : 0.000

Type  : Slow 1100mV 85C Model Recovery 'U_system_pll|altera_pll_i|general[0].gpll~PLL_OUTPUT_COUNTER|divclk'
Slack : 3.621
TNS   : 0.000

Type  : Slow 1100mV 85C Model Recovery 'U_TS_clock|ts_clock_inst|altera_pll_i|general[0].gpll~PLL_OUTPUT_COUNTER|divclk'
Slack : 21.608
TNS   : 0.000

Type  : Slow 1100mV 85C Model Recovery 'altera_reserved_tck'
Slack : 43.056
TNS   : 0.000

Type  : Slow 1100mV 85C Model Removal 'U_T2_clock|t2_clock_inst|altera_pll_i|general[0].gpll~PLL_OUTPUT_COUNTER|divclk'
Slack : 0.538
TNS   : 0.000

Type  : Slow 1100mV 85C Model Removal 'U_fx3_pll|altera_pll_i|general[0].gpll~PLL_OUTPUT_COUNTER|divclk'
Slack : 0.710
TNS   : 0.000

Type  : Slow 1100mV 85C Model Removal 'U_nios_system|axi_ad9361_0|i_dev_if|i_rx|i_altlvds_rx|auto_generated|pll_sclk~PLL_OUTPUT_COUNTER|divclk'
Slack : 0.711
TNS   : 0.000

Type  : Slow 1100mV 85C Model Removal 'U_TS_clock|ts_clock_inst|altera_pll_i|general[0].gpll~PLL_OUTPUT_COUNTER|divclk'
Slack : 1.183
TNS   : 0.000

Type  : Slow 1100mV 85C Model Removal 'altera_reserved_tck'
Slack : 1.300
TNS   : 0.000

Type  : Slow 1100mV 85C Model Removal 'U_system_pll|altera_pll_i|general[0].gpll~PLL_OUTPUT_COUNTER|divclk'
Slack : 4.327
TNS   : 0.000

Type  : Slow 1100mV 85C Model Minimum Pulse Width 'U_T2_clock|t2_clock_inst|altera_pll_i|general[1].gpll~PLL_OUTPUT_COUNTER|divclk'
Slack : 0.694
TNS   : 0.000

Type  : Slow 1100mV 85C Model Minimum Pulse Width 'U_nios_system|axi_ad9361_0|i_dev_if|i_rx|i_altlvds_rx|auto_generated|pll_fclk~PLL_OUTPUT_COUNTER|divclk'
Slack : 0.981
TNS   : 0.000

Type  : Slow 1100mV 85C Model Minimum Pulse Width 'U_nios_system|axi_ad9361_0|i_dev_if|i_rx|i_altlvds_rx|auto_generated|pll_sclk~FRACTIONAL_PLL|vcoph[0]'
Slack : 1.000
TNS   : 0.000

Type  : Slow 1100mV 85C Model Minimum Pulse Width 'U_fx3_pll|altera_pll_i|general[0].gpll~FRACTIONAL_PLL|vcoph[0]'
Slack : 1.250
TNS   : 0.000

Type  : Slow 1100mV 85C Model Minimum Pulse Width 'U_T2_clock|t2_clock_inst|altera_pll_i|general[0].gpll~FRACTIONAL_PLL|vcoph[0]'
Slack : 1.562
TNS   : 0.000

Type  : Slow 1100mV 85C Model Minimum Pulse Width 'U_system_pll|altera_pll_i|general[0].gpll~FRACTIONAL_PLL|vcoph[0]'
Slack : 1.562
TNS   : 0.000

Type  : Slow 1100mV 85C Model Minimum Pulse Width 'U_TS_clock|ts_clock_inst|altera_pll_i|general[0].gpll~FRACTIONAL_PLL|vcoph[0]'
Slack : 1.627
TNS   : 0.000

Type  : Slow 1100mV 85C Model Minimum Pulse Width 'adi_rx_clock'
Slack : 1.968
TNS   : 0.000

Type  : Slow 1100mV 85C Model Minimum Pulse Width 'U_nios_system|axi_ad9361_0|i_dev_if|i_rx|i_altlvds_rx|auto_generated|pll_sclk~PLL_OUTPUT_COUNTER|divclk'
Slack : 2.359
TNS   : 0.000

Type  : Slow 1100mV 85C Model Minimum Pulse Width 'U_fx3_pll|altera_pll_i|general[0].gpll~PLL_OUTPUT_COUNTER|divclk'
Slack : 3.337
TNS   : 0.000

Type  : Slow 1100mV 85C Model Minimum Pulse Width 'fx3_pclk'
Slack : 3.988
TNS   : 0.000

Type  : Slow 1100mV 85C Model Minimum Pulse Width 'U_system_pll|altera_pll_i|general[0].gpll~PLL_OUTPUT_COUNTER|divclk'
Slack : 4.588
TNS   : 0.000

Type  : Slow 1100mV 85C Model Minimum Pulse Width 'U_T2_clock|t2_clock_inst|altera_pll_i|general[0].gpll~PLL_OUTPUT_COUNTER|divclk'
Slack : 4.594
TNS   : 0.000

Type  : Slow 1100mV 85C Model Minimum Pulse Width 'c5_clock2'
Slack : 12.170
TNS   : 0.000

Type  : Slow 1100mV 85C Model Minimum Pulse Width 'adi_sclk_reg'
Slack : 12.256
TNS   : 0.000

Type  : Slow 1100mV 85C Model Minimum Pulse Width 'altera_reserved_tck'
Slack : 48.154
TNS   : 0.000

Type  : Slow 1100mV 85C Model Minimum Pulse Width 'peri_sclk_reg'
Slack : 61.967
TNS   : 0.000

Type  : Slow 1100mV 85C Model Minimum Pulse Width 'U_TS_clock|ts_clock_inst|altera_pll_i|general[0].gpll~PLL_OUTPUT_COUNTER|divclk'
Slack : 207.497
TNS   : 0.000

Type  : Slow 1100mV 85C Model Minimum Pulse Width 'i2c_scl_reg'
Slack : 1249.777
TNS   : 0.000

Type  : Slow 1100mV 0C Model Setup 'U_nios_system|axi_ad9361_0|i_dev_if|i_rx|i_altlvds_rx|auto_generated|pll_sclk~PLL_OUTPUT_COUNTER|divclk'
Slack : -5.301
TNS   : -241.241

Type  : Slow 1100mV 0C Model Setup 'U_T2_clock|t2_clock_inst|altera_pll_i|general[0].gpll~PLL_OUTPUT_COUNTER|divclk'
Slack : -3.228
TNS   : -505.967

Type  : Slow 1100mV 0C Model Setup 'U_T2_clock|t2_clock_inst|altera_pll_i|general[1].gpll~PLL_OUTPUT_COUNTER|divclk'
Slack : -1.787
TNS   : -70.679

Type  : Slow 1100mV 0C Model Setup 'U_nios_system|axi_ad9361_0|i_dev_if|i_rx|i_altlvds_rx|auto_generated|pll_fclk~PLL_OUTPUT_COUNTER|divclk'
Slack : 1.109
TNS   : 0.000

Type  : Slow 1100mV 0C Model Setup 'fx3_virtual'
Slack : 1.713
TNS   : 0.000

Type  : Slow 1100mV 0C Model Setup 'U_fx3_pll|altera_pll_i|general[0].gpll~PLL_OUTPUT_COUNTER|divclk'
Slack : 2.451
TNS   : 0.000

Type  : Slow 1100mV 0C Model Setup 'U_system_pll|altera_pll_i|general[0].gpll~PLL_OUTPUT_COUNTER|divclk'
Slack : 2.819
TNS   : 0.000

Type  : Slow 1100mV 0C Model Setup 'adi_sclk_pin'
Slack : 3.157
TNS   : 0.000

Type  : Slow 1100mV 0C Model Setup 'fx3_pclk'
Slack : 4.507
TNS   : 0.000

Type  : Slow 1100mV 0C Model Setup 'c5_clock2'
Slack : 8.622
TNS   : 0.000

Type  : Slow 1100mV 0C Model Setup 'altera_reserved_tck'
Slack : 34.426
TNS   : 0.000

Type  : Slow 1100mV 0C Model Setup 'adf_sclk_pin'
Slack : 36.742
TNS   : 0.000

Type  : Slow 1100mV 0C Model Setup 'dac_sclk_pin'
Slack : 47.905
TNS   : 0.000

Type  : Slow 1100mV 0C Model Setup 'U_TS_clock|ts_clock_inst|altera_pll_i|general[0].gpll~PLL_OUTPUT_COUNTER|divclk'
Slack : 414.293
TNS   : 0.000

Type  : Slow 1100mV 0C Model Setup 'pwr_scl_pin'
Slack : 1148.548
TNS   : 0.000

Type  : Slow 1100mV 0C Model Hold 'U_T2_clock|t2_clock_inst|altera_pll_i|general[0].gpll~PLL_OUTPUT_COUNTER|divclk'
Slack : 0.134
TNS   : 0.000

Type  : Slow 1100mV 0C Model Hold 'U_nios_system|axi_ad9361_0|i_dev_if|i_rx|i_altlvds_rx|auto_generated|pll_sclk~PLL_OUTPUT_COUNTER|divclk'
Slack : 0.173
TNS   : 0.000

Type  : Slow 1100mV 0C Model Hold 'altera_reserved_tck'
Slack : 0.177
TNS   : 0.000

Type  : Slow 1100mV 0C Model Hold 'U_system_pll|altera_pll_i|general[0].gpll~PLL_OUTPUT_COUNTER|divclk'
Slack : 0.275
TNS   : 0.000

Type  : Slow 1100mV 0C Model Hold 'U_T2_clock|t2_clock_inst|altera_pll_i|general[1].gpll~PLL_OUTPUT_COUNTER|divclk'
Slack : 0.376
TNS   : 0.000

Type  : Slow 1100mV 0C Model Hold 'c5_clock2'
Slack : 0.418
TNS   : 0.000

Type  : Slow 1100mV 0C Model Hold 'U_fx3_pll|altera_pll_i|general[0].gpll~PLL_OUTPUT_COUNTER|divclk'
Slack : 0.423
TNS   : 0.000

Type  : Slow 1100mV 0C Model Hold 'fx3_pclk'
Slack : 0.517
TNS   : 0.000

Type  : Slow 1100mV 0C Model Hold 'U_TS_clock|ts_clock_inst|altera_pll_i|general[0].gpll~PLL_OUTPUT_COUNTER|divclk'
Slack : 0.540
TNS   : 0.000

Type  : Slow 1100mV 0C Model Hold 'adi_sclk_pin'
Slack : 1.427
TNS   : 0.000

Type  : Slow 1100mV 0C Model Hold 'U_nios_system|axi_ad9361_0|i_dev_if|i_rx|i_altlvds_rx|auto_generated|pll_fclk~PLL_OUTPUT_COUNTER|divclk'
Slack : 2.248
TNS   : 0.000

Type  : Slow 1100mV 0C Model Hold 'fx3_virtual'
Slack : 23.415
TNS   : 0.000

Type  : Slow 1100mV 0C Model Hold 'dac_sclk_pin'
Slack : 57.471
TNS   : 0.000

Type  : Slow 1100mV 0C Model Hold 'adf_sclk_pin'
Slack : 64.078
TNS   : 0.000

Type  : Slow 1100mV 0C Model Hold 'pwr_scl_pin'
Slack : 2149.439
TNS   : 0.000

Type  : Slow 1100mV 0C Model Recovery 'U_fx3_pll|altera_pll_i|general[0].gpll~PLL_OUTPUT_COUNTER|divclk'
Slack : -4.558
TNS   : -9.107

Type  : Slow 1100mV 0C Model Recovery 'U_T2_clock|t2_clock_inst|altera_pll_i|general[0].gpll~PLL_OUTPUT_COUNTER|divclk'
Slack : -3.316
TNS   : -5530.769

Type  : Slow 1100mV 0C Model Recovery 'U_nios_system|axi_ad9361_0|i_dev_if|i_rx|i_altlvds_rx|auto_generated|pll_sclk~PLL_OUTPUT_COUNTER|divclk'
Slack : 3.363
TNS   : 0.000

Type  : Slow 1100mV 0C Model Recovery 'U_system_pll|altera_pll_i|general[0].gpll~PLL_OUTPUT_COUNTER|divclk'
Slack : 3.656
TNS   : 0.000

Type  : Slow 1100mV 0C Model Recovery 'U_TS_clock|ts_clock_inst|altera_pll_i|general[0].gpll~PLL_OUTPUT_COUNTER|divclk'
Slack : 21.725
TNS   : 0.000

Type  : Slow 1100mV 0C Model Recovery 'altera_reserved_tck'
Slack : 43.543
TNS   : 0.000

Type  : Slow 1100mV 0C Model Removal 'U_T2_clock|t2_clock_inst|altera_pll_i|general[0].gpll~PLL_OUTPUT_COUNTER|divclk'
Slack : 0.089
TNS   : 0.000

Type  : Slow 1100mV 0C Model Removal 'U_fx3_pll|altera_pll_i|general[0].gpll~PLL_OUTPUT_COUNTER|divclk'
Slack : 0.608
TNS   : 0.000

Type  : Slow 1100mV 0C Model Removal 'U_nios_system|axi_ad9361_0|i_dev_if|i_rx|i_altlvds_rx|auto_generated|pll_sclk~PLL_OUTPUT_COUNTER|divclk'
Slack : 0.614
TNS   : 0.000

Type  : Slow 1100mV 0C Model Removal 'U_TS_clock|ts_clock_inst|altera_pll_i|general[0].gpll~PLL_OUTPUT_COUNTER|divclk'
Slack : 0.764
TNS   : 0.000

Type  : Slow 1100mV 0C Model Removal 'altera_reserved_tck'
Slack : 1.197
TNS   : 0.000

Type  : Slow 1100mV 0C Model Removal 'U_system_pll|altera_pll_i|general[0].gpll~PLL_OUTPUT_COUNTER|divclk'
Slack : 4.322
TNS   : 0.000

Type  : Slow 1100mV 0C Model Minimum Pulse Width 'U_T2_clock|t2_clock_inst|altera_pll_i|general[1].gpll~PLL_OUTPUT_COUNTER|divclk'
Slack : 0.694
TNS   : 0.000

Type  : Slow 1100mV 0C Model Minimum Pulse Width 'U_nios_system|axi_ad9361_0|i_dev_if|i_rx|i_altlvds_rx|auto_generated|pll_fclk~PLL_OUTPUT_COUNTER|divclk'
Slack : 0.986
TNS   : 0.000

Type  : Slow 1100mV 0C Model Minimum Pulse Width 'U_nios_system|axi_ad9361_0|i_dev_if|i_rx|i_altlvds_rx|auto_generated|pll_sclk~FRACTIONAL_PLL|vcoph[0]'
Slack : 1.000
TNS   : 0.000

Type  : Slow 1100mV 0C Model Minimum Pulse Width 'U_fx3_pll|altera_pll_i|general[0].gpll~FRACTIONAL_PLL|vcoph[0]'
Slack : 1.250
TNS   : 0.000

Type  : Slow 1100mV 0C Model Minimum Pulse Width 'U_T2_clock|t2_clock_inst|altera_pll_i|general[0].gpll~FRACTIONAL_PLL|vcoph[0]'
Slack : 1.562
TNS   : 0.000

Type  : Slow 1100mV 0C Model Minimum Pulse Width 'U_system_pll|altera_pll_i|general[0].gpll~FRACTIONAL_PLL|vcoph[0]'
Slack : 1.562
TNS   : 0.000

Type  : Slow 1100mV 0C Model Minimum Pulse Width 'U_TS_clock|ts_clock_inst|altera_pll_i|general[0].gpll~FRACTIONAL_PLL|vcoph[0]'
Slack : 1.627
TNS   : 0.000

Type  : Slow 1100mV 0C Model Minimum Pulse Width 'adi_rx_clock'
Slack : 1.968
TNS   : 0.000

Type  : Slow 1100mV 0C Model Minimum Pulse Width 'U_nios_system|axi_ad9361_0|i_dev_if|i_rx|i_altlvds_rx|auto_generated|pll_sclk~PLL_OUTPUT_COUNTER|divclk'
Slack : 2.313
TNS   : 0.000

Type  : Slow 1100mV 0C Model Minimum Pulse Width 'U_fx3_pll|altera_pll_i|general[0].gpll~PLL_OUTPUT_COUNTER|divclk'
Slack : 3.305
TNS   : 0.000

Type  : Slow 1100mV 0C Model Minimum Pulse Width 'fx3_pclk'
Slack : 3.848
TNS   : 0.000

Type  : Slow 1100mV 0C Model Minimum Pulse Width 'U_T2_clock|t2_clock_inst|altera_pll_i|general[0].gpll~PLL_OUTPUT_COUNTER|divclk'
Slack : 4.549
TNS   : 0.000

Type  : Slow 1100mV 0C Model Minimum Pulse Width 'U_system_pll|altera_pll_i|general[0].gpll~PLL_OUTPUT_COUNTER|divclk'
Slack : 4.559
TNS   : 0.000

Type  : Slow 1100mV 0C Model Minimum Pulse Width 'adi_sclk_reg'
Slack : 12.163
TNS   : 0.000

Type  : Slow 1100mV 0C Model Minimum Pulse Width 'c5_clock2'
Slack : 12.288
TNS   : 0.000

Type  : Slow 1100mV 0C Model Minimum Pulse Width 'altera_reserved_tck'
Slack : 47.933
TNS   : 0.000

Type  : Slow 1100mV 0C Model Minimum Pulse Width 'peri_sclk_reg'
Slack : 61.743
TNS   : 0.000

Type  : Slow 1100mV 0C Model Minimum Pulse Width 'U_TS_clock|ts_clock_inst|altera_pll_i|general[0].gpll~PLL_OUTPUT_COUNTER|divclk'
Slack : 207.396
TNS   : 0.000

Type  : Slow 1100mV 0C Model Minimum Pulse Width 'i2c_scl_reg'
Slack : 1249.730
TNS   : 0.000

Type  : Fast 1100mV 85C Model Setup 'U_nios_system|axi_ad9361_0|i_dev_if|i_rx|i_altlvds_rx|auto_generated|pll_sclk~PLL_OUTPUT_COUNTER|divclk'
Slack : -2.215
TNS   : -97.912

Type  : Fast 1100mV 85C Model Setup 'U_T2_clock|t2_clock_inst|altera_pll_i|general[0].gpll~PLL_OUTPUT_COUNTER|divclk'
Slack : -1.646
TNS   : -241.468

Type  : Fast 1100mV 85C Model Setup 'U_T2_clock|t2_clock_inst|altera_pll_i|general[1].gpll~PLL_OUTPUT_COUNTER|divclk'
Slack : 0.315
TNS   : 0.000

Type  : Fast 1100mV 85C Model Setup 'U_nios_system|axi_ad9361_0|i_dev_if|i_rx|i_altlvds_rx|auto_generated|pll_fclk~PLL_OUTPUT_COUNTER|divclk'
Slack : 3.838
TNS   : 0.000

Type  : Fast 1100mV 85C Model Setup 'adi_sclk_pin'
Slack : 5.637
TNS   : 0.000

Type  : Fast 1100mV 85C Model Setup 'U_fx3_pll|altera_pll_i|general[0].gpll~PLL_OUTPUT_COUNTER|divclk'
Slack : 6.257
TNS   : 0.000

Type  : Fast 1100mV 85C Model Setup 'fx3_virtual'
Slack : 6.542
TNS   : 0.000

Type  : Fast 1100mV 85C Model Setup 'U_system_pll|altera_pll_i|general[0].gpll~PLL_OUTPUT_COUNTER|divclk'
Slack : 7.484
TNS   : 0.000

Type  : Fast 1100mV 85C Model Setup 'fx3_pclk'
Slack : 7.533
TNS   : 0.000

Type  : Fast 1100mV 85C Model Setup 'c5_clock2'
Slack : 19.512
TNS   : 0.000

Type  : Fast 1100mV 85C Model Setup 'adf_sclk_pin'
Slack : 37.724
TNS   : 0.000

Type  : Fast 1100mV 85C Model Setup 'altera_reserved_tck'
Slack : 41.234
TNS   : 0.000

Type  : Fast 1100mV 85C Model Setup 'dac_sclk_pin'
Slack : 49.895
TNS   : 0.000

Type  : Fast 1100mV 85C Model Setup 'U_TS_clock|ts_clock_inst|altera_pll_i|general[0].gpll~PLL_OUTPUT_COUNTER|divclk'
Slack : 415.785
TNS   : 0.000

Type  : Fast 1100mV 85C Model Setup 'pwr_scl_pin'
Slack : 1148.961
TNS   : 0.000

Type  : Fast 1100mV 85C Model Hold 'altera_reserved_tck'
Slack : 0.021
TNS   : 0.000

Type  : Fast 1100mV 85C Model Hold 'U_system_pll|altera_pll_i|general[0].gpll~PLL_OUTPUT_COUNTER|divclk'
Slack : 0.122
TNS   : 0.000

Type  : Fast 1100mV 85C Model Hold 'U_T2_clock|t2_clock_inst|altera_pll_i|general[0].gpll~PLL_OUTPUT_COUNTER|divclk'
Slack : 0.126
TNS   : 0.000

Type  : Fast 1100mV 85C Model Hold 'U_nios_system|axi_ad9361_0|i_dev_if|i_rx|i_altlvds_rx|auto_generated|pll_sclk~PLL_OUTPUT_COUNTER|divclk'
Slack : 0.137
TNS   : 0.000

Type  : Fast 1100mV 85C Model Hold 'U_T2_clock|t2_clock_inst|altera_pll_i|general[1].gpll~PLL_OUTPUT_COUNTER|divclk'
Slack : 0.139
TNS   : 0.000

Type  : Fast 1100mV 85C Model Hold 'U_fx3_pll|altera_pll_i|general[0].gpll~PLL_OUTPUT_COUNTER|divclk'
Slack : 0.179
TNS   : 0.000

Type  : Fast 1100mV 85C Model Hold 'c5_clock2'
Slack : 0.180
TNS   : 0.000

Type  : Fast 1100mV 85C Model Hold 'fx3_pclk'
Slack : 0.180
TNS   : 0.000

Type  : Fast 1100mV 85C Model Hold 'U_TS_clock|ts_clock_inst|altera_pll_i|general[0].gpll~PLL_OUTPUT_COUNTER|divclk'
Slack : 0.182
TNS   : 0.000

Type  : Fast 1100mV 85C Model Hold 'adi_sclk_pin'
Slack : 0.965
TNS   : 0.000

Type  : Fast 1100mV 85C Model Hold 'U_nios_system|axi_ad9361_0|i_dev_if|i_rx|i_altlvds_rx|auto_generated|pll_fclk~PLL_OUTPUT_COUNTER|divclk'
Slack : 2.126
TNS   : 0.000

Type  : Fast 1100mV 85C Model Hold 'fx3_virtual'
Slack : 19.954
TNS   : 0.000

Type  : Fast 1100mV 85C Model Hold 'dac_sclk_pin'
Slack : 58.818
TNS   : 0.000

Type  : Fast 1100mV 85C Model Hold 'adf_sclk_pin'
Slack : 64.846
TNS   : 0.000

Type  : Fast 1100mV 85C Model Hold 'pwr_scl_pin'
Slack : 2149.680
TNS   : 0.000

Type  : Fast 1100mV 85C Model Recovery 'U_fx3_pll|altera_pll_i|general[0].gpll~PLL_OUTPUT_COUNTER|divclk'
Slack : -1.731
TNS   : -3.461

Type  : Fast 1100mV 85C Model Recovery 'U_T2_clock|t2_clock_inst|altera_pll_i|general[0].gpll~PLL_OUTPUT_COUNTER|divclk'
Slack : -1.644
TNS   : -2587.737

Type  : Fast 1100mV 85C Model Recovery 'U_nios_system|axi_ad9361_0|i_dev_if|i_rx|i_altlvds_rx|auto_generated|pll_sclk~PLL_OUTPUT_COUNTER|divclk'
Slack : 5.364
TNS   : 0.000

Type  : Fast 1100mV 85C Model Recovery 'U_system_pll|altera_pll_i|general[0].gpll~PLL_OUTPUT_COUNTER|divclk'
Slack : 8.675
TNS   : 0.000

Type  : Fast 1100mV 85C Model Recovery 'U_TS_clock|ts_clock_inst|altera_pll_i|general[0].gpll~PLL_OUTPUT_COUNTER|divclk'
Slack : 23.531
TNS   : 0.000

Type  : Fast 1100mV 85C Model Recovery 'altera_reserved_tck'
Slack : 46.177
TNS   : 0.000

Type  : Fast 1100mV 85C Model Removal 'U_T2_clock|t2_clock_inst|altera_pll_i|general[0].gpll~PLL_OUTPUT_COUNTER|divclk'
Slack : 0.249
TNS   : 0.000

Type  : Fast 1100mV 85C Model Removal 'U_fx3_pll|altera_pll_i|general[0].gpll~PLL_OUTPUT_COUNTER|divclk'
Slack : 0.283
TNS   : 0.000

Type  : Fast 1100mV 85C Model Removal 'U_nios_system|axi_ad9361_0|i_dev_if|i_rx|i_altlvds_rx|auto_generated|pll_sclk~PLL_OUTPUT_COUNTER|divclk'
Slack : 0.284
TNS   : 0.000

Type  : Fast 1100mV 85C Model Removal 'altera_reserved_tck'
Slack : 0.444
TNS   : 0.000

Type  : Fast 1100mV 85C Model Removal 'U_TS_clock|ts_clock_inst|altera_pll_i|general[0].gpll~PLL_OUTPUT_COUNTER|divclk'
Slack : 0.529
TNS   : 0.000

Type  : Fast 1100mV 85C Model Removal 'U_system_pll|altera_pll_i|general[0].gpll~PLL_OUTPUT_COUNTER|divclk'
Slack : 1.974
TNS   : 0.000

Type  : Fast 1100mV 85C Model Minimum Pulse Width 'U_nios_system|axi_ad9361_0|i_dev_if|i_rx|i_altlvds_rx|auto_generated|pll_fclk~PLL_OUTPUT_COUNTER|divclk'
Slack : 0.983
TNS   : 0.000

Type  : Fast 1100mV 85C Model Minimum Pulse Width 'U_nios_system|axi_ad9361_0|i_dev_if|i_rx|i_altlvds_rx|auto_generated|pll_sclk~FRACTIONAL_PLL|vcoph[0]'
Slack : 1.000
TNS   : 0.000

Type  : Fast 1100mV 85C Model Minimum Pulse Width 'U_fx3_pll|altera_pll_i|general[0].gpll~FRACTIONAL_PLL|vcoph[0]'
Slack : 1.250
TNS   : 0.000

Type  : Fast 1100mV 85C Model Minimum Pulse Width 'U_T2_clock|t2_clock_inst|altera_pll_i|general[0].gpll~FRACTIONAL_PLL|vcoph[0]'
Slack : 1.562
TNS   : 0.000

Type  : Fast 1100mV 85C Model Minimum Pulse Width 'U_system_pll|altera_pll_i|general[0].gpll~FRACTIONAL_PLL|vcoph[0]'
Slack : 1.562
TNS   : 0.000

Type  : Fast 1100mV 85C Model Minimum Pulse Width 'U_TS_clock|ts_clock_inst|altera_pll_i|general[0].gpll~FRACTIONAL_PLL|vcoph[0]'
Slack : 1.627
TNS   : 0.000

Type  : Fast 1100mV 85C Model Minimum Pulse Width 'adi_rx_clock'
Slack : 1.975
TNS   : 0.000

Type  : Fast 1100mV 85C Model Minimum Pulse Width 'U_T2_clock|t2_clock_inst|altera_pll_i|general[1].gpll~PLL_OUTPUT_COUNTER|divclk'
Slack : 1.981
TNS   : 0.000

Type  : Fast 1100mV 85C Model Minimum Pulse Width 'U_nios_system|axi_ad9361_0|i_dev_if|i_rx|i_altlvds_rx|auto_generated|pll_sclk~PLL_OUTPUT_COUNTER|divclk'
Slack : 2.863
TNS   : 0.000

Type  : Fast 1100mV 85C Model Minimum Pulse Width 'U_fx3_pll|altera_pll_i|general[0].gpll~PLL_OUTPUT_COUNTER|divclk'
Slack : 3.856
TNS   : 0.000

Type  : Fast 1100mV 85C Model Minimum Pulse Width 'fx3_pclk'
Slack : 4.466
TNS   : 0.000

Type  : Fast 1100mV 85C Model Minimum Pulse Width 'U_T2_clock|t2_clock_inst|altera_pll_i|general[0].gpll~PLL_OUTPUT_COUNTER|divclk'
Slack : 5.110
TNS   : 0.000

Type  : Fast 1100mV 85C Model Minimum Pulse Width 'U_system_pll|altera_pll_i|general[0].gpll~PLL_OUTPUT_COUNTER|divclk'
Slack : 5.110
TNS   : 0.000

Type  : Fast 1100mV 85C Model Minimum Pulse Width 'c5_clock2'
Slack : 12.138
TNS   : 0.000

Type  : Fast 1100mV 85C Model Minimum Pulse Width 'adi_sclk_reg'
Slack : 12.212
TNS   : 0.000

Type  : Fast 1100mV 85C Model Minimum Pulse Width 'altera_reserved_tck'
Slack : 47.949
TNS   : 0.000

Type  : Fast 1100mV 85C Model Minimum Pulse Width 'peri_sclk_reg'
Slack : 62.081
TNS   : 0.000

Type  : Fast 1100mV 85C Model Minimum Pulse Width 'U_TS_clock|ts_clock_inst|altera_pll_i|general[0].gpll~PLL_OUTPUT_COUNTER|divclk'
Slack : 207.847
TNS   : 0.000

Type  : Fast 1100mV 85C Model Minimum Pulse Width 'i2c_scl_reg'
Slack : 1249.716
TNS   : 0.000

Type  : Fast 1100mV 0C Model Setup 'U_nios_system|axi_ad9361_0|i_dev_if|i_rx|i_altlvds_rx|auto_generated|pll_sclk~PLL_OUTPUT_COUNTER|divclk'
Slack : -2.130
TNS   : -95.039

Type  : Fast 1100mV 0C Model Setup 'U_T2_clock|t2_clock_inst|altera_pll_i|general[0].gpll~PLL_OUTPUT_COUNTER|divclk'
Slack : -1.142
TNS   : -157.588

Type  : Fast 1100mV 0C Model Setup 'U_T2_clock|t2_clock_inst|altera_pll_i|general[1].gpll~PLL_OUTPUT_COUNTER|divclk'
Slack : 0.475
TNS   : 0.000

Type  : Fast 1100mV 0C Model Setup 'U_nios_system|axi_ad9361_0|i_dev_if|i_rx|i_altlvds_rx|auto_generated|pll_fclk~PLL_OUTPUT_COUNTER|divclk'
Slack : 3.970
TNS   : 0.000

Type  : Fast 1100mV 0C Model Setup 'adi_sclk_pin'
Slack : 6.250
TNS   : 0.000

Type  : Fast 1100mV 0C Model Setup 'U_fx3_pll|altera_pll_i|general[0].gpll~PLL_OUTPUT_COUNTER|divclk'
Slack : 6.675
TNS   : 0.000

Type  : Fast 1100mV 0C Model Setup 'fx3_virtual'
Slack : 6.725
TNS   : 0.000

Type  : Fast 1100mV 0C Model Setup 'fx3_pclk'
Slack : 7.752
TNS   : 0.000

Type  : Fast 1100mV 0C Model Setup 'U_system_pll|altera_pll_i|general[0].gpll~PLL_OUTPUT_COUNTER|divclk'
Slack : 8.145
TNS   : 0.000

Type  : Fast 1100mV 0C Model Setup 'c5_clock2'
Slack : 19.873
TNS   : 0.000

Type  : Fast 1100mV 0C Model Setup 'adf_sclk_pin'
Slack : 37.862
TNS   : 0.000

Type  : Fast 1100mV 0C Model Setup 'altera_reserved_tck'
Slack : 42.358
TNS   : 0.000

Type  : Fast 1100mV 0C Model Setup 'dac_sclk_pin'
Slack : 50.047
TNS   : 0.000

Type  : Fast 1100mV 0C Model Setup 'U_TS_clock|ts_clock_inst|altera_pll_i|general[0].gpll~PLL_OUTPUT_COUNTER|divclk'
Slack : 415.828
TNS   : 0.000

Type  : Fast 1100mV 0C Model Setup 'pwr_scl_pin'
Slack : 1149.067
TNS   : 0.000

Type  : Fast 1100mV 0C Model Hold 'U_T2_clock|t2_clock_inst|altera_pll_i|general[0].gpll~PLL_OUTPUT_COUNTER|divclk'
Slack : 0.007
TNS   : 0.000

Type  : Fast 1100mV 0C Model Hold 'altera_reserved_tck'
Slack : 0.007
TNS   : 0.000

Type  : Fast 1100mV 0C Model Hold 'U_nios_system|axi_ad9361_0|i_dev_if|i_rx|i_altlvds_rx|auto_generated|pll_sclk~PLL_OUTPUT_COUNTER|divclk'
Slack : 0.073
TNS   : 0.000

Type  : Fast 1100mV 0C Model Hold 'U_system_pll|altera_pll_i|general[0].gpll~PLL_OUTPUT_COUNTER|divclk'
Slack : 0.112
TNS   : 0.000

Type  : Fast 1100mV 0C Model Hold 'U_T2_clock|t2_clock_inst|altera_pll_i|general[1].gpll~PLL_OUTPUT_COUNTER|divclk'
Slack : 0.123
TNS   : 0.000

Type  : Fast 1100mV 0C Model Hold 'U_fx3_pll|altera_pll_i|general[0].gpll~PLL_OUTPUT_COUNTER|divclk'
Slack : 0.150
TNS   : 0.000

Type  : Fast 1100mV 0C Model Hold 'c5_clock2'
Slack : 0.170
TNS   : 0.000

Type  : Fast 1100mV 0C Model Hold 'fx3_pclk'
Slack : 0.172
TNS   : 0.000

Type  : Fast 1100mV 0C Model Hold 'U_TS_clock|ts_clock_inst|altera_pll_i|general[0].gpll~PLL_OUTPUT_COUNTER|divclk'
Slack : 0.173
TNS   : 0.000

Type  : Fast 1100mV 0C Model Hold 'adi_sclk_pin'
Slack : 0.802
TNS   : 0.000

Type  : Fast 1100mV 0C Model Hold 'U_nios_system|axi_ad9361_0|i_dev_if|i_rx|i_altlvds_rx|auto_generated|pll_fclk~PLL_OUTPUT_COUNTER|divclk'
Slack : 2.072
TNS   : 0.000

Type  : Fast 1100mV 0C Model Hold 'fx3_virtual'
Slack : 19.809
TNS   : 0.000

Type  : Fast 1100mV 0C Model Hold 'dac_sclk_pin'
Slack : 58.803
TNS   : 0.000

Type  : Fast 1100mV 0C Model Hold 'adf_sclk_pin'
Slack : 64.934
TNS   : 0.000

Type  : Fast 1100mV 0C Model Hold 'pwr_scl_pin'
Slack : 2149.710
TNS   : 0.000

Type  : Fast 1100mV 0C Model Recovery 'U_fx3_pll|altera_pll_i|general[0].gpll~PLL_OUTPUT_COUNTER|divclk'
Slack : -1.498
TNS   : -2.995

Type  : Fast 1100mV 0C Model Recovery 'U_T2_clock|t2_clock_inst|altera_pll_i|general[0].gpll~PLL_OUTPUT_COUNTER|divclk'
Slack : -1.126
TNS   : -1702.218

Type  : Fast 1100mV 0C Model Recovery 'U_nios_system|axi_ad9361_0|i_dev_if|i_rx|i_altlvds_rx|auto_generated|pll_sclk~PLL_OUTPUT_COUNTER|divclk'
Slack : 5.696
TNS   : 0.000

Type  : Fast 1100mV 0C Model Recovery 'U_system_pll|altera_pll_i|general[0].gpll~PLL_OUTPUT_COUNTER|divclk'
Slack : 8.863
TNS   : 0.000

Type  : Fast 1100mV 0C Model Recovery 'U_TS_clock|ts_clock_inst|altera_pll_i|general[0].gpll~PLL_OUTPUT_COUNTER|divclk'
Slack : 24.059
TNS   : 0.000

Type  : Fast 1100mV 0C Model Recovery 'altera_reserved_tck'
Slack : 46.741
TNS   : 0.000

Type  : Fast 1100mV 0C Model Removal 'U_T2_clock|t2_clock_inst|altera_pll_i|general[0].gpll~PLL_OUTPUT_COUNTER|divclk'
Slack : -0.083
TNS   : -0.738

Type  : Fast 1100mV 0C Model Removal 'U_TS_clock|ts_clock_inst|altera_pll_i|general[0].gpll~PLL_OUTPUT_COUNTER|divclk'
Slack : 0.150
TNS   : 0.000

Type  : Fast 1100mV 0C Model Removal 'U_fx3_pll|altera_pll_i|general[0].gpll~PLL_OUTPUT_COUNTER|divclk'
Slack : 0.225
TNS   : 0.000

Type  : Fast 1100mV 0C Model Removal 'U_nios_system|axi_ad9361_0|i_dev_if|i_rx|i_altlvds_rx|auto_generated|pll_sclk~PLL_OUTPUT_COUNTER|divclk'
Slack : 0.226
TNS   : 0.000

Type  : Fast 1100mV 0C Model Removal 'altera_reserved_tck'
Slack : 0.368
TNS   : 0.000

Type  : Fast 1100mV 0C Model Removal 'U_system_pll|altera_pll_i|general[0].gpll~PLL_OUTPUT_COUNTER|divclk'
Slack : 1.839
TNS   : 0.000

Type  : Fast 1100mV 0C Model Minimum Pulse Width 'U_nios_system|axi_ad9361_0|i_dev_if|i_rx|i_altlvds_rx|auto_generated|pll_fclk~PLL_OUTPUT_COUNTER|divclk'
Slack : 0.983
TNS   : 0.000

Type  : Fast 1100mV 0C Model Minimum Pulse Width 'U_nios_system|axi_ad9361_0|i_dev_if|i_rx|i_altlvds_rx|auto_generated|pll_sclk~FRACTIONAL_PLL|vcoph[0]'
Slack : 1.000
TNS   : 0.000

Type  : Fast 1100mV 0C Model Minimum Pulse Width 'U_fx3_pll|altera_pll_i|general[0].gpll~FRACTIONAL_PLL|vcoph[0]'
Slack : 1.250
TNS   : 0.000

Type  : Fast 1100mV 0C Model Minimum Pulse Width 'U_T2_clock|t2_clock_inst|altera_pll_i|general[0].gpll~FRACTIONAL_PLL|vcoph[0]'
Slack : 1.562
TNS   : 0.000

Type  : Fast 1100mV 0C Model Minimum Pulse Width 'U_system_pll|altera_pll_i|general[0].gpll~FRACTIONAL_PLL|vcoph[0]'
Slack : 1.562
TNS   : 0.000

Type  : Fast 1100mV 0C Model Minimum Pulse Width 'U_TS_clock|ts_clock_inst|altera_pll_i|general[0].gpll~FRACTIONAL_PLL|vcoph[0]'
Slack : 1.627
TNS   : 0.000

Type  : Fast 1100mV 0C Model Minimum Pulse Width 'U_T2_clock|t2_clock_inst|altera_pll_i|general[1].gpll~PLL_OUTPUT_COUNTER|divclk'
Slack : 1.981
TNS   : 0.000

Type  : Fast 1100mV 0C Model Minimum Pulse Width 'adi_rx_clock'
Slack : 1.983
TNS   : 0.000

Type  : Fast 1100mV 0C Model Minimum Pulse Width 'U_nios_system|axi_ad9361_0|i_dev_if|i_rx|i_altlvds_rx|auto_generated|pll_sclk~PLL_OUTPUT_COUNTER|divclk'
Slack : 2.866
TNS   : 0.000

Type  : Fast 1100mV 0C Model Minimum Pulse Width 'U_fx3_pll|altera_pll_i|general[0].gpll~PLL_OUTPUT_COUNTER|divclk'
Slack : 3.859
TNS   : 0.000

Type  : Fast 1100mV 0C Model Minimum Pulse Width 'fx3_pclk'
Slack : 4.467
TNS   : 0.000

Type  : Fast 1100mV 0C Model Minimum Pulse Width 'U_T2_clock|t2_clock_inst|altera_pll_i|general[0].gpll~PLL_OUTPUT_COUNTER|divclk'
Slack : 5.111
TNS   : 0.000

Type  : Fast 1100mV 0C Model Minimum Pulse Width 'U_system_pll|altera_pll_i|general[0].gpll~PLL_OUTPUT_COUNTER|divclk'
Slack : 5.112
TNS   : 0.000

Type  : Fast 1100mV 0C Model Minimum Pulse Width 'c5_clock2'
Slack : 12.098
TNS   : 0.000

Type  : Fast 1100mV 0C Model Minimum Pulse Width 'adi_sclk_reg'
Slack : 12.231
TNS   : 0.000

Type  : Fast 1100mV 0C Model Minimum Pulse Width 'altera_reserved_tck'
Slack : 47.981
TNS   : 0.000

Type  : Fast 1100mV 0C Model Minimum Pulse Width 'peri_sclk_reg'
Slack : 62.082
TNS   : 0.000

Type  : Fast 1100mV 0C Model Minimum Pulse Width 'U_TS_clock|ts_clock_inst|altera_pll_i|general[0].gpll~PLL_OUTPUT_COUNTER|divclk'
Slack : 207.842
TNS   : 0.000

Type  : Fast 1100mV 0C Model Minimum Pulse Width 'i2c_scl_reg'
Slack : 1249.758
TNS   : 0.000

------------------------------------------------------------
